MULTI_TILE_FFT_BEGIN
MULTI_TILE_FFT_TILE_DIMENSION=64x64
MULTI_TILE_FFT_TILES_PER_CIPHERTEXT=8
MULTI_TILE_FFT_ACTIVE_SLOTS=32768
MULTI_TILE_FFT_SLOT_COUNT=32768
MULTI_TILE_FFT_SLOT_UTILIZATION=1.000000
MULTI_TILE_FFT_RING_DEGREE=65536
MULTI_TILE_FFT_TOP_LIMBS=18
MULTI_TILE_FFT_LOCAL_LEVELS=12
MULTI_TILE_FFT_ENCRYPTION_MS=803
MULTI_TILE_FFT_KEYGEN_LEVEL_BEGIN level=0 axis=Rows span=64 rotation=32 limbs=18
MULTI_TILE_FFT_KEYGEN_KEY level=0 direction=left exponent=61313 elapsed_ms=14377
MULTI_TILE_FFT_KEYGEN_KEY level=0 direction=right exponent=86145 elapsed_ms=14382
MULTI_TILE_FFT_KEYGEN_LEVEL_END level=0 elapsed_ms=14382
MULTI_TILE_FFT_KEYGEN_LEVEL_BEGIN level=1 axis=Rows span=32 rotation=16 limbs=17
MULTI_TILE_FFT_KEYGEN_KEY level=1 direction=left exponent=28609 elapsed_ms=12857
MULTI_TILE_FFT_KEYGEN_KEY level=1 direction=right exponent=106561 elapsed_ms=12858
MULTI_TILE_FFT_KEYGEN_LEVEL_END level=1 elapsed_ms=12858
MULTI_TILE_FFT_KEYGEN_LEVEL_BEGIN level=2 axis=Rows span=16 rotation=8 limbs=16
MULTI_TILE_FFT_KEYGEN_KEY level=2 direction=left exponent=128481 elapsed_ms=11387
MULTI_TILE_FFT_KEYGEN_KEY level=2 direction=right exponent=69153 elapsed_ms=11388
MULTI_TILE_FFT_KEYGEN_LEVEL_END level=2 elapsed_ms=11388
MULTI_TILE_FFT_KEYGEN_LEVEL_BEGIN level=3 axis=Rows span=8 rotation=4 limbs=15
MULTI_TILE_FFT_KEYGEN_KEY level=3 direction=left exponent=625 elapsed_ms=10008
MULTI_TILE_FFT_KEYGEN_KEY level=3 direction=right exponent=97937 elapsed_ms=10010
MULTI_TILE_FFT_KEYGEN_LEVEL_END level=3 elapsed_ms=10010
MULTI_TILE_FFT_KEYGEN_LEVEL_BEGIN level=4 axis=Rows span=4 rotation=2 limbs=14
MULTI_TILE_FFT_KEYGEN_KEY level=4 direction=left exponent=25 elapsed_ms=8714
MULTI_TILE_FFT_KEYGEN_KEY level=4 direction=right exponent=89129 elapsed_ms=8715
MULTI_TILE_FFT_KEYGEN_LEVEL_END level=4 elapsed_ms=8715
MULTI_TILE_FFT_KEYGEN_LEVEL_BEGIN level=5 axis=Rows span=2 rotation=1 limbs=13
MULTI_TILE_FFT_KEYGEN_KEY level=5 direction=left exponent=5 elapsed_ms=7516
MULTI_TILE_FFT_KEYGEN_KEY level=5 direction=right exponent=52429 elapsed_ms=7517
MULTI_TILE_FFT_KEYGEN_LEVEL_END level=5 elapsed_ms=7517
MULTI_TILE_FFT_KEYGEN_LEVEL_BEGIN level=6 axis=Columns span=64 rotation=2048 limbs=12
MULTI_TILE_FFT_KEYGEN_KEY level=6 direction=left exponent=122881 elapsed_ms=6404
MULTI_TILE_FFT_KEYGEN_KEY level=6 direction=right exponent=8193 elapsed_ms=6399
MULTI_TILE_FFT_KEYGEN_LEVEL_END level=6 elapsed_ms=6405
MULTI_TILE_FFT_KEYGEN_LEVEL_BEGIN level=7 axis=Columns span=32 rotation=1024 limbs=11
MULTI_TILE_FFT_KEYGEN_KEY level=7 direction=left exponent=126977 elapsed_ms=5379
MULTI_TILE_FFT_KEYGEN_KEY level=7 direction=right exponent=4097 elapsed_ms=5378
MULTI_TILE_FFT_KEYGEN_LEVEL_END level=7 elapsed_ms=5379
MULTI_TILE_FFT_KEYGEN_LEVEL_BEGIN level=8 axis=Columns span=16 rotation=512 limbs=10
MULTI_TILE_FFT_KEYGEN_KEY level=8 direction=left exponent=63489 elapsed_ms=4445
MULTI_TILE_FFT_KEYGEN_KEY level=8 direction=right exponent=67585 elapsed_ms=4445
MULTI_TILE_FFT_KEYGEN_LEVEL_END level=8 elapsed_ms=4446
MULTI_TILE_FFT_KEYGEN_LEVEL_BEGIN level=9 axis=Columns span=8 rotation=256 limbs=9
MULTI_TILE_FFT_KEYGEN_KEY level=9 direction=left exponent=31745 elapsed_ms=3598
MULTI_TILE_FFT_KEYGEN_KEY level=9 direction=right exponent=99329 elapsed_ms=3599
MULTI_TILE_FFT_KEYGEN_LEVEL_END level=9 elapsed_ms=3599
MULTI_TILE_FFT_KEYGEN_LEVEL_BEGIN level=10 axis=Columns span=4 rotation=128 limbs=8
MULTI_TILE_FFT_KEYGEN_KEY level=10 direction=left exponent=81409 elapsed_ms=2845
MULTI_TILE_FFT_KEYGEN_KEY level=10 direction=right exponent=49665 elapsed_ms=2844
MULTI_TILE_FFT_KEYGEN_LEVEL_END level=10 elapsed_ms=2845
MULTI_TILE_FFT_KEYGEN_LEVEL_BEGIN level=11 axis=Columns span=2 rotation=64 limbs=7
MULTI_TILE_FFT_KEYGEN_KEY level=11 direction=left exponent=7937 elapsed_ms=2176
MULTI_TILE_FFT_KEYGEN_KEY level=11 direction=right exponent=57601 elapsed_ms=2174
MULTI_TILE_FFT_KEYGEN_LEVEL_END level=11 elapsed_ms=2176
MULTI_TILE_FFT_KEYGEN_TOTAL_MS=89726
MULTI_TILE_FFT_ROTATION_LEFT_CHECK rotation=32 rel_l2=2.079898271997e-12 max_abs=3.786807967512e-12
MULTI_TILE_FFT_ROTATION_RIGHT_CHECK rotation=32 rel_l2=2.082825146906e-12 max_abs=3.909317618571e-12
MULTI_TILE_FFT_STAGE_CHECK level=1 axis=Rows span=64 rel_l2=3.222323915371e-12 max_abs=9.550422620099e-12 inactive_max_abs=0.000000000000e0
MULTI_TILE_FFT_STAGE level=1 axis=Rows span=64 limbs=17 elapsed_ms=8150
MULTI_TILE_FFT_STAGE_CHECK level=2 axis=Rows span=32 rel_l2=4.016314503278e-12 max_abs=1.888750541251e-11 inactive_max_abs=0.000000000000e0
MULTI_TILE_FFT_STAGE level=2 axis=Rows span=32 limbs=16 elapsed_ms=7532
MULTI_TILE_FFT_STAGE_CHECK level=3 axis=Rows span=16 rel_l2=4.862290334277e-12 max_abs=3.325206219978e-11 inactive_max_abs=0.000000000000e0
MULTI_TILE_FFT_STAGE level=3 axis=Rows span=16 limbs=15 elapsed_ms=6691
MULTI_TILE_FFT_STAGE_CHECK level=4 axis=Rows span=8 rel_l2=5.659233975630e-12 max_abs=6.772150648155e-11 inactive_max_abs=0.000000000000e0
MULTI_TILE_FFT_STAGE level=4 axis=Rows span=8 limbs=14 elapsed_ms=6031
MULTI_TILE_FFT_STAGE_CHECK level=5 axis=Rows span=4 rel_l2=6.576827719337e-12 max_abs=1.355074269049e-10 inactive_max_abs=0.000000000000e0
MULTI_TILE_FFT_STAGE level=5 axis=Rows span=4 limbs=13 elapsed_ms=5411
MULTI_TILE_FFT_STAGE_CHECK level=6 axis=Rows span=2 rel_l2=7.496995356838e-12 max_abs=3.012609104168e-10 inactive_max_abs=0.000000000000e0
MULTI_TILE_FFT_STAGE level=6 axis=Rows span=2 limbs=12 elapsed_ms=4806
MULTI_TILE_FFT_STAGE_CHECK level=7 axis=Columns span=64 rel_l2=8.618656040753e-12 max_abs=6.871379810356e-10 inactive_max_abs=0.000000000000e0
MULTI_TILE_FFT_STAGE level=7 axis=Columns span=64 limbs=11 elapsed_ms=4425
MULTI_TILE_FFT_STAGE_CHECK level=8 axis=Columns span=32 rel_l2=9.448474560035e-12 max_abs=1.496774092279e-9 inactive_max_abs=0.000000000000e0
MULTI_TILE_FFT_STAGE level=8 axis=Columns span=32 limbs=10 elapsed_ms=3716
MULTI_TILE_FFT_STAGE_CHECK level=9 axis=Columns span=16 rel_l2=1.030477221989e-11 max_abs=3.275149254915e-9 inactive_max_abs=0.000000000000e0
MULTI_TILE_FFT_STAGE level=9 axis=Columns span=16 limbs=9 elapsed_ms=3207
MULTI_TILE_FFT_STAGE_CHECK level=10 axis=Columns span=8 rel_l2=1.111274391868e-11 max_abs=7.078459018485e-9 inactive_max_abs=0.000000000000e0
MULTI_TILE_FFT_STAGE level=10 axis=Columns span=8 limbs=8 elapsed_ms=2736
MULTI_TILE_FFT_STAGE_CHECK level=11 axis=Columns span=4 rel_l2=1.208091154782e-11 max_abs=1.500688788980e-8 inactive_max_abs=0.000000000000e0
MULTI_TILE_FFT_STAGE level=11 axis=Columns span=4 limbs=7 elapsed_ms=2300
MULTI_TILE_FFT_STAGE_CHECK level=12 axis=Columns span=2 rel_l2=1.307252869349e-11 max_abs=3.233264728464e-8 inactive_max_abs=0.000000000000e0
MULTI_TILE_FFT_STAGE level=12 axis=Columns span=2 limbs=6 elapsed_ms=1888
MULTI_TILE_FFT_PACKED_PHYSICAL_REL_L2=1.307252869349e-11
MULTI_TILE_FFT_PACKED_PHYSICAL_MAX_ABS=3.233264728464e-8
MULTI_TILE_FFT_TILE_0_REL_L2=1.305750230426e-11
MULTI_TILE_FFT_TILE_0_MAX_ABS=3.229808549269e-8
MULTI_TILE_FFT_TILE_1_REL_L2=1.307251048476e-11
MULTI_TILE_FFT_TILE_1_MAX_ABS=3.221411335194e-8
MULTI_TILE_FFT_TILE_2_REL_L2=1.311610197543e-11
MULTI_TILE_FFT_TILE_2_MAX_ABS=3.233264728464e-8
MULTI_TILE_FFT_TILE_3_REL_L2=1.304903467234e-11
MULTI_TILE_FFT_TILE_3_MAX_ABS=3.228549996692e-8
MULTI_TILE_FFT_TILE_4_REL_L2=1.305687787661e-11
MULTI_TILE_FFT_TILE_4_MAX_ABS=3.223977269849e-8
MULTI_TILE_FFT_TILE_5_REL_L2=1.306413110669e-11
MULTI_TILE_FFT_TILE_5_MAX_ABS=3.228395156825e-8
MULTI_TILE_FFT_TILE_6_REL_L2=1.308347125836e-11
MULTI_TILE_FFT_TILE_6_MAX_ABS=3.220029396652e-8
MULTI_TILE_FFT_TILE_7_REL_L2=1.307940758403e-11
MULTI_TILE_FFT_TILE_7_MAX_ABS=3.231930303043e-8
MULTI_TILE_FFT_INACTIVE_MAX_ABS=0.000000000000e0
MULTI_TILE_FFT_EXECUTION_MS=183787
MULTI_TILE_FFT_DECRYPT_MS=354
MULTI_TILE_FFT_STATUS=PASS
MULTI_TILE_FFT_END
