R20_CLEAR_4K_BEGIN
R20_CLEAR_4K_IMAGE_DIMENSION=4096x4096
R20_CLEAR_4K_MACRO_GRID=4x4
R20_CLEAR_4K_CT_EQUIVALENT_COUNT=512
R20_CLEAR_4K_IMAGE_MS=66
R20_CLEAR_4K_ORACLE_MS=503
R20_CLEAR_4K_STAGE kind=macro-row span_macros=4 elapsed_ms=41
R20_CLEAR_4K_STAGE kind=macro-row span_macros=2 elapsed_ms=42
R20_CLEAR_4K_ROW_PROGRESS macro=1/16
R20_CLEAR_4K_ROW_PROGRESS macro=2/16
R20_CLEAR_4K_ROW_PROGRESS macro=3/16
R20_CLEAR_4K_ROW_PROGRESS macro=4/16
R20_CLEAR_4K_ROW_PROGRESS macro=5/16
R20_CLEAR_4K_ROW_PROGRESS macro=6/16
R20_CLEAR_4K_ROW_PROGRESS macro=7/16
R20_CLEAR_4K_ROW_PROGRESS macro=8/16
R20_CLEAR_4K_ROW_PROGRESS macro=9/16
R20_CLEAR_4K_ROW_PROGRESS macro=10/16
R20_CLEAR_4K_ROW_PROGRESS macro=11/16
R20_CLEAR_4K_ROW_PROGRESS macro=12/16
R20_CLEAR_4K_ROW_PROGRESS macro=13/16
R20_CLEAR_4K_ROW_PROGRESS macro=14/16
R20_CLEAR_4K_ROW_PROGRESS macro=15/16
R20_CLEAR_4K_ROW_PROGRESS macro=16/16
R20_CLEAR_4K_ROW_PHASE_MS=546
R20_CLEAR_4K_STAGE kind=macro-column span_macros=4 elapsed_ms=14
R20_CLEAR_4K_STAGE kind=macro-column span_macros=2 elapsed_ms=14
R20_CLEAR_4K_COLUMN_PROGRESS macro=1/16
R20_CLEAR_4K_COLUMN_PROGRESS macro=2/16
R20_CLEAR_4K_COLUMN_PROGRESS macro=3/16
R20_CLEAR_4K_COLUMN_PROGRESS macro=4/16
R20_CLEAR_4K_COLUMN_PROGRESS macro=5/16
R20_CLEAR_4K_COLUMN_PROGRESS macro=6/16
R20_CLEAR_4K_COLUMN_PROGRESS macro=7/16
R20_CLEAR_4K_COLUMN_PROGRESS macro=8/16
R20_CLEAR_4K_COLUMN_PROGRESS macro=9/16
R20_CLEAR_4K_COLUMN_PROGRESS macro=10/16
R20_CLEAR_4K_COLUMN_PROGRESS macro=11/16
R20_CLEAR_4K_COLUMN_PROGRESS macro=12/16
R20_CLEAR_4K_COLUMN_PROGRESS macro=13/16
R20_CLEAR_4K_COLUMN_PROGRESS macro=14/16
R20_CLEAR_4K_COLUMN_PROGRESS macro=15/16
R20_CLEAR_4K_COLUMN_PROGRESS macro=16/16
R20_CLEAR_4K_COLUMN_PHASE_MS=523
R20_CLEAR_4K_RESULT_BEGIN
R20_CLEAR_4K_HIERARCHICAL_MS=1361
R20_CLEAR_4K_REL_L2=3.903508572072e-14
R20_CLEAR_4K_MAX_ABS=2.402936607402e-7
R20_CLEAR_4K_TOLERANCE=1.000000000000e-10
R20_CLEAR_4K_STATUS=PASS
R20_CLEAR_4K_RESULT_END
