R21_UHD_BEGIN
R21_UHD_SOURCE=results/image_filter/source/benchmarks/fhe_fft_architecture_gray_4096x4096.png
R21_UHD_SOURCE_DIMENSION=4096x4096
R21_UHD_CROP_ORIGIN=128,968
R21_UHD_DIMENSION=3840x2160
R21_UHD_FFT_DIMENSION=4096x4096
R21_UHD_PADDING=ZERO
R21_UHD_PLACEMENT=TOP_LEFT
R21_UHD_PIXEL_ENCODING=LUMA8
R21_UHD_FFT_INPUT_SCALE=RAW_0_TO_255
R21_UHD_VISUALIZATION=FFTShift_Log1pMagnitude_Normalized8Bit
R21_UHD_FFT_MS=486
R21_UHD_SPATIAL_ENERGY=8.618734130000e10
R21_UHD_SPECTRAL_ENERGY=1.445983641456e18
R21_UHD_PARSEVAL_REL_ERROR=9.046852000918e-14
R21_UHD_INPUT=results/eblas_fft_evidence/r21_uhd/01_input_uhd_3840x2160.png
R21_UHD_PADDED=results/eblas_fft_evidence/r21_uhd/02_padded_4096x4096.png
R21_UHD_SPECTRUM=results/eblas_fft_evidence/r21_uhd/03_clear_fft_spectrum.png
R21_UHD_STATUS=PASS
R21_UHD_END
