R21_UHD_BEGIN
R21_UHD_IMAGE_DIMENSION=4096x4096
R21_UHD_MACRO_DIMENSION=1024x1024
R21_UHD_MACRO_GRID=4x4
R21_UHD_MACRO_COUNT=16
R21_UHD_CT_PER_MACRO=32
R21_UHD_CIPHERTEXT_COUNT=512
R21_UHD_SLOT_COUNT=32768
R21_UHD_SLOT_UTILIZATION=1.000000
R21_UHD_REQUIRED_LEVELS=24
R21_UHD_TOP_LIMBS=26
R21_UHD_SECURITY_BEARING=false
R21_UHD_ORACLE_BEGIN
R21_UHD_INPUT_RANGE_STATUS=PASS
R21_UHD_PREFLIGHT_BEGIN
R21_UHD_PREFLIGHT_CIPHERTEXTS=512
R21_UHD_PREFLIGHT_SLOTS=16777216
R21_UHD_PREFLIGHT_PADDING_NONZERO=0
R21_UHD_PREFLIGHT_MAX_ABS_ERROR=0.000000000000e0
R21_UHD_PREFLIGHT_STATUS=PASS
R21_UHD_PREFLIGHT_END
R21_UHD_INPUT=results/eblas_fft_evidence/r21_uhd/01_input_uhd_3840x2160.png
R21_UHD_INPUT_DIMENSION=3840x2160
R21_UHD_FFT_DIMENSION=4096x4096
R21_UHD_INPUT_SCALE=NORMALIZED_0_TO_1
R21_UHD_PADDING=ZERO
R21_UHD_SECURITY_BEARING=false
R21_UHD_ORACLE_MS=625
R21_UHD_ORACLE_END
R21_UHD_ENCRYPT_PROGRESS macrotiles=1/16 ciphertexts=32/512
R21_UHD_ENCRYPT_PROGRESS macrotiles=2/16 ciphertexts=64/512
R21_UHD_ENCRYPT_PROGRESS macrotiles=3/16 ciphertexts=96/512
R21_UHD_ENCRYPT_PROGRESS macrotiles=4/16 ciphertexts=128/512
R21_UHD_ENCRYPT_PROGRESS macrotiles=5/16 ciphertexts=160/512
R21_UHD_ENCRYPT_PROGRESS macrotiles=6/16 ciphertexts=192/512
R21_UHD_ENCRYPT_PROGRESS macrotiles=7/16 ciphertexts=224/512
R21_UHD_ENCRYPT_PROGRESS macrotiles=8/16 ciphertexts=256/512
R21_UHD_ENCRYPT_PROGRESS macrotiles=9/16 ciphertexts=288/512
R21_UHD_ENCRYPT_PROGRESS macrotiles=10/16 ciphertexts=320/512
R21_UHD_ENCRYPT_PROGRESS macrotiles=11/16 ciphertexts=352/512
R21_UHD_ENCRYPT_PROGRESS macrotiles=12/16 ciphertexts=384/512
R21_UHD_ENCRYPT_PROGRESS macrotiles=13/16 ciphertexts=416/512
R21_UHD_ENCRYPT_PROGRESS macrotiles=14/16 ciphertexts=448/512
R21_UHD_ENCRYPT_PROGRESS macrotiles=15/16 ciphertexts=480/512
R21_UHD_ENCRYPT_PROGRESS macrotiles=16/16 ciphertexts=512/512
R21_UHD_ENCRYPTION_MS=610484
R21_UHD_KEYGEN_BEGIN level=6 rotation=32 limbs=20
R21_UHD_KEYGEN_END level=6
R21_UHD_KEYGEN_BEGIN level=7 rotation=16 limbs=19
R21_UHD_KEYGEN_END level=7
R21_UHD_KEYGEN_BEGIN level=8 rotation=8 limbs=18
R21_UHD_KEYGEN_END level=8
R21_UHD_KEYGEN_BEGIN level=9 rotation=4 limbs=17
R21_UHD_KEYGEN_END level=9
R21_UHD_KEYGEN_BEGIN level=10 rotation=2 limbs=16
R21_UHD_KEYGEN_END level=10
R21_UHD_KEYGEN_BEGIN level=11 rotation=1 limbs=15
R21_UHD_KEYGEN_END level=11
R21_UHD_KEYGEN_BEGIN level=15 rotation=16384 limbs=11
R21_UHD_KEYGEN_END level=15
R21_UHD_KEYGEN_BEGIN level=16 rotation=8192 limbs=10
R21_UHD_KEYGEN_END level=16
R21_UHD_KEYGEN_BEGIN level=17 rotation=4096 limbs=9
R21_UHD_KEYGEN_END level=17
R21_UHD_KEYGEN_BEGIN level=18 rotation=2048 limbs=8
R21_UHD_KEYGEN_END level=18
R21_UHD_KEYGEN_BEGIN level=19 rotation=1024 limbs=7
R21_UHD_KEYGEN_END level=19
R21_UHD_KEYGEN_BEGIN level=20 rotation=512 limbs=6
R21_UHD_KEYGEN_END level=20
R21_UHD_KEYGEN_BEGIN level=21 rotation=256 limbs=5
R21_UHD_KEYGEN_END level=21
R21_UHD_KEYGEN_BEGIN level=22 rotation=128 limbs=4
R21_UHD_KEYGEN_END level=22
R21_UHD_KEYGEN_BEGIN level=23 rotation=64 limbs=3
R21_UHD_KEYGEN_END level=23
R21_UHD_GALOIS_KEY_COUNT=29
R21_UHD_KEYGEN_MS=105081
R21_UHD_STAGE level=1 kind=macro-row span_macros=4 limbs=25 elapsed_ms=99338
R21_UHD_STAGE level=2 kind=macro-row span_macros=2 limbs=24 elapsed_ms=62350
R21_UHD_MACRO_ROW_PROGRESS macro=1/16 level=12 elapsed_ms=518946
R21_UHD_MACRO_ROW_PROGRESS macro=2/16 level=12 elapsed_ms=502272
R21_UHD_MACRO_ROW_PROGRESS macro=3/16 level=12 elapsed_ms=503173
R21_UHD_MACRO_ROW_PROGRESS macro=4/16 level=12 elapsed_ms=502024
R21_UHD_MACRO_ROW_PROGRESS macro=5/16 level=12 elapsed_ms=502932
R21_UHD_MACRO_ROW_PROGRESS macro=6/16 level=12 elapsed_ms=512022
R21_UHD_MACRO_ROW_PROGRESS macro=7/16 level=12 elapsed_ms=511667
R21_UHD_MACRO_ROW_PROGRESS macro=8/16 level=12 elapsed_ms=507265
R21_UHD_MACRO_ROW_PROGRESS macro=9/16 level=12 elapsed_ms=501356
R21_UHD_MACRO_ROW_PROGRESS macro=10/16 level=12 elapsed_ms=500772
R21_UHD_MACRO_ROW_PROGRESS macro=11/16 level=12 elapsed_ms=503341
R21_UHD_MACRO_ROW_PROGRESS macro=12/16 level=12 elapsed_ms=500852
R21_UHD_MACRO_ROW_PROGRESS macro=13/16 level=12 elapsed_ms=500570
R21_UHD_MACRO_ROW_PROGRESS macro=14/16 level=12 elapsed_ms=500456
R21_UHD_MACRO_ROW_PROGRESS macro=15/16 level=12 elapsed_ms=500076
R21_UHD_MACRO_ROW_PROGRESS macro=16/16 level=12 elapsed_ms=500941
R21_UHD_STAGE level=13 kind=macro-column span_macros=4 limbs=13 elapsed_ms=33259
R21_UHD_STAGE level=14 kind=macro-column span_macros=2 limbs=12 elapsed_ms=30039
R21_UHD_MACRO_COLUMN_PROGRESS macro=1/16 level=24 elapsed_ms=188091
R21_UHD_MACRO_COLUMN_PROGRESS macro=2/16 level=24 elapsed_ms=184196
R21_UHD_MACRO_COLUMN_PROGRESS macro=3/16 level=24 elapsed_ms=184350
R21_UHD_MACRO_COLUMN_PROGRESS macro=4/16 level=24 elapsed_ms=184191
R21_UHD_MACRO_COLUMN_PROGRESS macro=5/16 level=24 elapsed_ms=184127
R21_UHD_MACRO_COLUMN_PROGRESS macro=6/16 level=24 elapsed_ms=184567
R21_UHD_MACRO_COLUMN_PROGRESS macro=7/16 level=24 elapsed_ms=183998
R21_UHD_MACRO_COLUMN_PROGRESS macro=8/16 level=24 elapsed_ms=183857
R21_UHD_MACRO_COLUMN_PROGRESS macro=9/16 level=24 elapsed_ms=183637
R21_UHD_MACRO_COLUMN_PROGRESS macro=10/16 level=24 elapsed_ms=185610
R21_UHD_MACRO_COLUMN_PROGRESS macro=11/16 level=24 elapsed_ms=185439
R21_UHD_MACRO_COLUMN_PROGRESS macro=12/16 level=24 elapsed_ms=185473
R21_UHD_MACRO_COLUMN_PROGRESS macro=13/16 level=24 elapsed_ms=185213
R21_UHD_MACRO_COLUMN_PROGRESS macro=14/16 level=24 elapsed_ms=184535
R21_UHD_MACRO_COLUMN_PROGRESS macro=15/16 level=24 elapsed_ms=184998
R21_UHD_MACRO_COLUMN_PROGRESS macro=16/16 level=24 elapsed_ms=185195
R21_UHD_DECRYPT_BEGIN
R21_UHD_DECRYPT_PROGRESS macrotiles=1/16 ciphertexts=32/512
R21_UHD_DECRYPT_PROGRESS macrotiles=2/16 ciphertexts=64/512
R21_UHD_DECRYPT_PROGRESS macrotiles=3/16 ciphertexts=96/512
R21_UHD_DECRYPT_PROGRESS macrotiles=4/16 ciphertexts=128/512
R21_UHD_DECRYPT_PROGRESS macrotiles=5/16 ciphertexts=160/512
R21_UHD_DECRYPT_PROGRESS macrotiles=6/16 ciphertexts=192/512
R21_UHD_DECRYPT_PROGRESS macrotiles=7/16 ciphertexts=224/512
R21_UHD_DECRYPT_PROGRESS macrotiles=8/16 ciphertexts=256/512
R21_UHD_DECRYPT_PROGRESS macrotiles=9/16 ciphertexts=288/512
R21_UHD_DECRYPT_PROGRESS macrotiles=10/16 ciphertexts=320/512
R21_UHD_DECRYPT_PROGRESS macrotiles=11/16 ciphertexts=352/512
R21_UHD_DECRYPT_PROGRESS macrotiles=12/16 ciphertexts=384/512
R21_UHD_DECRYPT_PROGRESS macrotiles=13/16 ciphertexts=416/512
R21_UHD_DECRYPT_PROGRESS macrotiles=14/16 ciphertexts=448/512
R21_UHD_DECRYPT_PROGRESS macrotiles=15/16 ciphertexts=480/512
R21_UHD_DECRYPT_PROGRESS macrotiles=16/16 ciphertexts=512/512
R21_UHD_DECRYPT_MS=50009
R21_UHD_CLEAR_SPECTRUM=results/eblas_fft_evidence/r21_uhd/04_clear_normalized_fft_spectrum.png
R21_UHD_DECRYPTED_SPECTRUM=results/eblas_fft_evidence/r21_uhd/05_decrypted_encrypted_fft_spectrum.png
R21_UHD_SPECTRUM_NORMALIZATION=CLEAR_MAX_LOG1P
R21_UHD_RESULT_BEGIN
R21_UHD_IMAGE_DIMENSION=4096x4096
R21_UHD_CIPHERTEXT_COUNT=512
R21_UHD_TOTAL_LEVELS=24
R21_UHD_FINAL_LIMBS=2
R21_UHD_FFT_MS=11251152
R21_UHD_DECRYPT_MS=50009
R21_UHD_VALIDATION_MS=1097
R21_UHD_REL_L2=1.662684448680e-11
R21_UHD_MAX_ABS=4.153108735893e-5
R21_UHD_TOLERANCE=5.000000000000e-3
R21_UHD_TOTAL_MS=12018450
R21_UHD_STATUS=PASS
R21_UHD_RESULT_END
